Command line invocation:
    /Applications/Xcode.app/Contents/Developer/usr/bin/xcodebuild -project Calendar.xcodeproj -scheme Debug -destination "platform=iOS Simulator,name=iPhone 15" build

ComputePackagePrebuildTargetDependencyGraph

Prepare packages

CreateBuildRequest

SendProjectDescription

CreateBuildOperation

ComputeTargetDependencyGraph
note: Building targets in dependency order
note: Target dependency graph (2 targets)
    Target 'Calendar' in project 'Calendar'
        ➜ Explicit dependency on target 'CalendarWidgetExtension' in project 'Calendar'
    Target 'CalendarWidgetExtension' in project 'Calendar' (no dependencies)

GatherProvisioningInputs

CreateBuildDescription

ExecuteExternalTool /Applications/Xcode.app/Contents/Developer/Toolchains/XcodeDefault.xctoolchain/usr/bin/clang -v -E -dM -isysroot /Applications/Xcode.app/Contents/Developer/Platforms/iPhoneSimulator.platform/Developer/SDKs/iPhoneSimulator26.1.sdk -x c -c /dev/null

ExecuteExternalTool /Applications/Xcode.app/Contents/Developer/usr/bin/actool --version --output-format xml1

ExecuteExternalTool /Applications/Xcode.app/Contents/Developer/usr/bin/actool --print-asset-tag-combinations --output-format xml1 /Users/shoode/projects/Calendar/Calendar/Assets.xcassets

ExecuteExternalTool /Applications/Xcode.app/Contents/Developer/Toolchains/XcodeDefault.xctoolchain/usr/bin/swiftc --version

ExecuteExternalTool /Applications/Xcode.app/Contents/Developer/Toolchains/XcodeDefault.xctoolchain/usr/bin/ld -version_details

Build description signature: 89b7b6fa499836210995abf3ace503c4
Build description path: /Users/shoode/Library/Developer/Xcode/DerivedData/Calendar-cqibnsfjrbookzgvdwgphwtskobs/Build/Intermediates.noindex/XCBuildData/89b7b6fa499836210995abf3ace503c4.xcbuilddata
ClangStatCache /Applications/Xcode.app/Contents/Developer/Toolchains/XcodeDefault.xctoolchain/usr/bin/clang-stat-cache /Applications/Xcode.app/Contents/Developer/Platforms/iPhoneSimulator.platform/Developer/SDKs/iPhoneSimulator26.1.sdk /Users/shoode/Library/Developer/Xcode/DerivedData/SDKStatCaches.noindex/iphonesimulator26.1-23B77-90cf18a4295e390e64c810bc6bd7acbc.sdkstatcache
    cd /Users/shoode/projects/Calendar/Calendar.xcodeproj
    /Applications/Xcode.app/Contents/Developer/Toolchains/XcodeDefault.xctoolchain/usr/bin/clang-stat-cache /Applications/Xcode.app/Contents/Developer/Platforms/iPhoneSimulator.platform/Developer/SDKs/iPhoneSimulator26.1.sdk -o /Users/shoode/Library/Developer/Xcode/DerivedData/SDKStatCaches.noindex/iphonesimulator26.1-23B77-90cf18a4295e390e64c810bc6bd7acbc.sdkstatcache

ProcessProductPackaging /Users/shoode/projects/Calendar/CalendarWidgetExtension.entitlements /Users/shoode/Library/Developer/Xcode/DerivedData/Calendar-cqibnsfjrbookzgvdwgphwtskobs/Build/Intermediates.noindex/Calendar.build/Debug-iphonesimulator/CalendarWidgetExtension.build/CalendarWidgetExtension.appex.xcent (in target 'CalendarWidgetExtension' from project 'Calendar')
    cd /Users/shoode/projects/Calendar
    
    Entitlements:
    
    {
}
    
    builtin-productPackagingUtility /Users/shoode/projects/Calendar/CalendarWidgetExtension.entitlements -entitlements -format xml -o /Users/shoode/Library/Developer/Xcode/DerivedData/Calendar-cqibnsfjrbookzgvdwgphwtskobs/Build/Intermediates.noindex/Calendar.build/Debug-iphonesimulator/CalendarWidgetExtension.build/CalendarWidgetExtension.appex.xcent

ProcessProductPackaging /Users/shoode/projects/Calendar/CalendarWidgetExtension.entitlements /Users/shoode/Library/Developer/Xcode/DerivedData/Calendar-cqibnsfjrbookzgvdwgphwtskobs/Build/Intermediates.noindex/Calendar.build/Debug-iphonesimulator/CalendarWidgetExtension.build/CalendarWidgetExtension.appex-Simulated.xcent (in target 'CalendarWidgetExtension' from project 'Calendar')
    cd /Users/shoode/projects/Calendar
    
    Entitlements:
    
    {
    "application-identifier" = "C99Q5SCRVZ.Shoode.Calendar.CalendarWidget";
    "com.apple.security.application-groups" =     (
        "group.com.shoode.calendar"
    );
}
    
    builtin-productPackagingUtility /Users/shoode/projects/Calendar/CalendarWidgetExtension.entitlements -entitlements -format xml -o /Users/shoode/Library/Developer/Xcode/DerivedData/Calendar-cqibnsfjrbookzgvdwgphwtskobs/Build/Intermediates.noindex/Calendar.build/Debug-iphonesimulator/CalendarWidgetExtension.build/CalendarWidgetExtension.appex-Simulated.xcent

ProcessProductPackagingDER /Users/shoode/Library/Developer/Xcode/DerivedData/Calendar-cqibnsfjrbookzgvdwgphwtskobs/Build/Intermediates.noindex/Calendar.build/Debug-iphonesimulator/CalendarWidgetExtension.build/CalendarWidgetExtension.appex-Simulated.xcent /Users/shoode/Library/Developer/Xcode/DerivedData/Calendar-cqibnsfjrbookzgvdwgphwtskobs/Build/Intermediates.noindex/Calendar.build/Debug-iphonesimulator/CalendarWidgetExtension.build/CalendarWidgetExtension.appex-Simulated.xcent.der (in target 'CalendarWidgetExtension' from project 'Calendar')
    cd /Users/shoode/projects/Calendar
    /usr/bin/derq query -f xml -i /Users/shoode/Library/Developer/Xcode/DerivedData/Calendar-cqibnsfjrbookzgvdwgphwtskobs/Build/Intermediates.noindex/Calendar.build/Debug-iphonesimulator/CalendarWidgetExtension.build/CalendarWidgetExtension.appex-Simulated.xcent -o /Users/shoode/Library/Developer/Xcode/DerivedData/Calendar-cqibnsfjrbookzgvdwgphwtskobs/Build/Intermediates.noindex/Calendar.build/Debug-iphonesimulator/CalendarWidgetExtension.build/CalendarWidgetExtension.appex-Simulated.xcent.der --raw

ProcessProductPackagingDER /Users/shoode/Library/Developer/Xcode/DerivedData/Calendar-cqibnsfjrbookzgvdwgphwtskobs/Build/Intermediates.noindex/Calendar.build/Debug-iphonesimulator/CalendarWidgetExtension.build/CalendarWidgetExtension.appex.xcent /Users/shoode/Library/Developer/Xcode/DerivedData/Calendar-cqibnsfjrbookzgvdwgphwtskobs/Build/Intermediates.noindex/Calendar.build/Debug-iphonesimulator/CalendarWidgetExtension.build/CalendarWidgetExtension.appex.xcent.der (in target 'CalendarWidgetExtension' from project 'Calendar')
    cd /Users/shoode/projects/Calendar
    /usr/bin/derq query -f xml -i /Users/shoode/Library/Developer/Xcode/DerivedData/Calendar-cqibnsfjrbookzgvdwgphwtskobs/Build/Intermediates.noindex/Calendar.build/Debug-iphonesimulator/CalendarWidgetExtension.build/CalendarWidgetExtension.appex.xcent -o /Users/shoode/Library/Developer/Xcode/DerivedData/Calendar-cqibnsfjrbookzgvdwgphwtskobs/Build/Intermediates.noindex/Calendar.build/Debug-iphonesimulator/CalendarWidgetExtension.build/CalendarWidgetExtension.appex.xcent.der --raw

ProcessInfoPlistFile /Users/shoode/Library/Developer/Xcode/DerivedData/Calendar-cqibnsfjrbookzgvdwgphwtskobs/Build/Products/Debug-iphonesimulator/CalendarWidgetExtension.appex/Info.plist /Users/shoode/projects/Calendar/CalendarWidget/Info.plist (in target 'CalendarWidgetExtension' from project 'Calendar')
    cd /Users/shoode/projects/Calendar
    builtin-infoPlistUtility /Users/shoode/projects/Calendar/CalendarWidget/Info.plist -producttype com.apple.product-type.app-extension -expandbuildsettings -format binary -platform iphonesimulator -additionalcontentfile /Users/shoode/Library/Developer/Xcode/DerivedData/Calendar-cqibnsfjrbookzgvdwgphwtskobs/Build/Intermediates.noindex/Calendar.build/Debug-iphonesimulator/CalendarWidgetExtension.build/assetcatalog_generated_info.plist -o /Users/shoode/Library/Developer/Xcode/DerivedData/Calendar-cqibnsfjrbookzgvdwgphwtskobs/Build/Products/Debug-iphonesimulator/CalendarWidgetExtension.appex/Info.plist

ProcessProductPackaging /Users/shoode/projects/Calendar/Calendar/Calendar.entitlements /Users/shoode/Library/Developer/Xcode/DerivedData/Calendar-cqibnsfjrbookzgvdwgphwtskobs/Build/Intermediates.noindex/Calendar.build/Debug-iphonesimulator/Calendar.build/Calendar.app.xcent (in target 'Calendar' from project 'Calendar')
    cd /Users/shoode/projects/Calendar
    
    Entitlements:
    
    {
}
    
    builtin-productPackagingUtility /Users/shoode/projects/Calendar/Calendar/Calendar.entitlements -entitlements -format xml -o /Users/shoode/Library/Developer/Xcode/DerivedData/Calendar-cqibnsfjrbookzgvdwgphwtskobs/Build/Intermediates.noindex/Calendar.build/Debug-iphonesimulator/Calendar.build/Calendar.app.xcent

ProcessProductPackaging /Users/shoode/projects/Calendar/Calendar/Calendar.entitlements /Users/shoode/Library/Developer/Xcode/DerivedData/Calendar-cqibnsfjrbookzgvdwgphwtskobs/Build/Intermediates.noindex/Calendar.build/Debug-iphonesimulator/Calendar.build/Calendar.app-Simulated.xcent (in target 'Calendar' from project 'Calendar')
    cd /Users/shoode/projects/Calendar
    
    Entitlements:
    
    {
    "application-identifier" = "C99Q5SCRVZ.Shoode.Calendar";
    "com.apple.security.application-groups" =     (
        "group.com.shoode.calendar"
    );
}
    
    builtin-productPackagingUtility /Users/shoode/projects/Calendar/Calendar/Calendar.entitlements -entitlements -format xml -o /Users/shoode/Library/Developer/Xcode/DerivedData/Calendar-cqibnsfjrbookzgvdwgphwtskobs/Build/Intermediates.noindex/Calendar.build/Debug-iphonesimulator/Calendar.build/Calendar.app-Simulated.xcent

Ld /Users/shoode/Library/Developer/Xcode/DerivedData/Calendar-cqibnsfjrbookzgvdwgphwtskobs/Build/Products/Debug-iphonesimulator/CalendarWidgetExtension.appex/CalendarWidgetExtension.debug.dylib normal (in target 'CalendarWidgetExtension' from project 'Calendar')
    cd /Users/shoode/projects/Calendar
    /Applications/Xcode.app/Contents/Developer/Toolchains/XcodeDefault.xctoolchain/usr/bin/clang -Xlinker -reproducible -target x86_64-apple-ios18.6-simulator -dynamiclib -isysroot /Applications/Xcode.app/Contents/Developer/Platforms/iPhoneSimulator.platform/Developer/SDKs/iPhoneSimulator26.1.sdk -O0 -L/Users/shoode/Library/Developer/Xcode/DerivedData/Calendar-cqibnsfjrbookzgvdwgphwtskobs/Build/Intermediates.noindex/EagerLinkingTBDs/Debug-iphonesimulator -L/Users/shoode/Library/Developer/Xcode/DerivedData/Calendar-cqibnsfjrbookzgvdwgphwtskobs/Build/Products/Debug-iphonesimulator -F/Users/shoode/Library/Developer/Xcode/DerivedData/Calendar-cqibnsfjrbookzgvdwgphwtskobs/Build/Intermediates.noindex/EagerLinkingTBDs/Debug-iphonesimulator -F/Users/shoode/Library/Developer/Xcode/DerivedData/Calendar-cqibnsfjrbookzgvdwgphwtskobs/Build/Products/Debug-iphonesimulator -filelist /Users/shoode/Library/Developer/Xcode/DerivedData/Calendar-cqibnsfjrbookzgvdwgphwtskobs/Build/Intermediates.noindex/Calendar.build/Debug-iphonesimulator/CalendarWidgetExtension.build/Objects-normal/x86_64/CalendarWidgetExtension.LinkFileList -install_name @rpath/CalendarWidgetExtension.debug.dylib -Xlinker -rpath -Xlinker /usr/lib/swift -Xlinker -rpath -Xlinker @executable_path/Frameworks -Xlinker -rpath -Xlinker @executable_path/../../Frameworks -dead_strip -Xlinker -object_path_lto -Xlinker /Users/shoode/Library/Developer/Xcode/DerivedData/Calendar-cqibnsfjrbookzgvdwgphwtskobs/Build/Intermediates.noindex/Calendar.build/Debug-iphonesimulator/CalendarWidgetExtension.build/Objects-normal/x86_64/CalendarWidgetExtension_lto.o -rdynamic -Xlinker -no_deduplicate -Xlinker -objc_abi_version -Xlinker 2 -Xlinker -debug_variant -Xlinker -dependency_info -Xlinker /Users/shoode/Library/Developer/Xcode/DerivedData/Calendar-cqibnsfjrbookzgvdwgphwtskobs/Build/Intermediates.noindex/Calendar.build/Debug-iphonesimulator/CalendarWidgetExtension.build/Objects-normal/x86_64/CalendarWidgetExtension_dependency_info.dat -fapplication-extension -fobjc-link-runtime -fprofile-instr-generate -L/Applications/Xcode.app/Contents/Developer/Toolchains/XcodeDefault.xctoolchain/usr/lib/swift/iphonesimulator -L/usr/lib/swift -Xlinker -add_ast_path -Xlinker /Users/shoode/Library/Developer/Xcode/DerivedData/Calendar-cqibnsfjrbookzgvdwgphwtskobs/Build/Intermediates.noindex/Calendar.build/Debug-iphonesimulator/CalendarWidgetExtension.build/Objects-normal/x86_64/CalendarWidgetExtension.swiftmodule @/Users/shoode/Library/Developer/Xcode/DerivedData/Calendar-cqibnsfjrbookzgvdwgphwtskobs/Build/Intermediates.noindex/Calendar.build/Debug-iphonesimulator/CalendarWidgetExtension.build/Objects-normal/x86_64/CalendarWidgetExtension-linker-args.resp -Xlinker -alias -Xlinker _NSExtensionMain -Xlinker ___debug_main_executable_dylib_entry_point -framework SwiftUI -framework WidgetKit -Xlinker -no_adhoc_codesign -o /Users/shoode/Library/Developer/Xcode/DerivedData/Calendar-cqibnsfjrbookzgvdwgphwtskobs/Build/Products/Debug-iphonesimulator/CalendarWidgetExtension.appex/CalendarWidgetExtension.debug.dylib

ProcessProductPackagingDER /Users/shoode/Library/Developer/Xcode/DerivedData/Calendar-cqibnsfjrbookzgvdwgphwtskobs/Build/Intermediates.noindex/Calendar.build/Debug-iphonesimulator/Calendar.build/Calendar.app.xcent /Users/shoode/Library/Developer/Xcode/DerivedData/Calendar-cqibnsfjrbookzgvdwgphwtskobs/Build/Intermediates.noindex/Calendar.build/Debug-iphonesimulator/Calendar.build/Calendar.app.xcent.der (in target 'Calendar' from project 'Calendar')
    cd /Users/shoode/projects/Calendar
    /usr/bin/derq query -f xml -i /Users/shoode/Library/Developer/Xcode/DerivedData/Calendar-cqibnsfjrbookzgvdwgphwtskobs/Build/Intermediates.noindex/Calendar.build/Debug-iphonesimulator/Calendar.build/Calendar.app.xcent -o /Users/shoode/Library/Developer/Xcode/DerivedData/Calendar-cqibnsfjrbookzgvdwgphwtskobs/Build/Intermediates.noindex/Calendar.build/Debug-iphonesimulator/Calendar.build/Calendar.app.xcent.der --raw

ProcessProductPackagingDER /Users/shoode/Library/Developer/Xcode/DerivedData/Calendar-cqibnsfjrbookzgvdwgphwtskobs/Build/Intermediates.noindex/Calendar.build/Debug-iphonesimulator/Calendar.build/Calendar.app-Simulated.xcent /Users/shoode/Library/Developer/Xcode/DerivedData/Calendar-cqibnsfjrbookzgvdwgphwtskobs/Build/Intermediates.noindex/Calendar.build/Debug-iphonesimulator/Calendar.build/Calendar.app-Simulated.xcent.der (in target 'Calendar' from project 'Calendar')
    cd /Users/shoode/projects/Calendar
    /usr/bin/derq query -f xml -i /Users/shoode/Library/Developer/Xcode/DerivedData/Calendar-cqibnsfjrbookzgvdwgphwtskobs/Build/Intermediates.noindex/Calendar.build/Debug-iphonesimulator/Calendar.build/Calendar.app-Simulated.xcent -o /Users/shoode/Library/Developer/Xcode/DerivedData/Calendar-cqibnsfjrbookzgvdwgphwtskobs/Build/Intermediates.noindex/Calendar.build/Debug-iphonesimulator/Calendar.build/Calendar.app-Simulated.xcent.der --raw

SwiftDriver Calendar normal x86_64 com.apple.xcode.tools.swift.compiler (in target 'Calendar' from project 'Calendar')
    cd /Users/shoode/projects/Calendar
    builtin-SwiftDriver -- /Applications/Xcode.app/Contents/Developer/Toolchains/XcodeDefault.xctoolchain/usr/bin/swiftc -module-name Calendar -Onone -enforce-exclusivity\=checked @/Users/shoode/Library/Developer/Xcode/DerivedData/Calendar-cqibnsfjrbookzgvdwgphwtskobs/Build/Intermediates.noindex/Calendar.build/Debug-iphonesimulator/Calendar.build/Objects-normal/x86_64/Calendar.SwiftFileList -DDEBUG -default-isolation\=MainActor -enable-bare-slash-regex -enable-upcoming-feature DisableOutwardActorInference -enable-upcoming-feature InferSendableFromCaptures -enable-upcoming-feature GlobalActorIsolatedTypesUsability -enable-upcoming-feature MemberImportVisibility -enable-upcoming-feature InferIsolatedConformances -enable-upcoming-feature NonisolatedNonsendingByDefault -enable-experimental-feature DebugDescriptionMacro -sdk /Applications/Xcode.app/Contents/Developer/Platforms/iPhoneSimulator.platform/Developer/SDKs/iPhoneSimulator26.1.sdk -target x86_64-apple-ios26.1-simulator -g -module-cache-path /Users/shoode/Library/Developer/Xcode/DerivedData/ModuleCache.noindex -Xfrontend -serialize-debugging-options -profile-coverage-mapping -profile-generate -enable-testing -index-store-path /Users/shoode/Library/Developer/Xcode/DerivedData/Calendar-cqibnsfjrbookzgvdwgphwtskobs/Index.noindex/DataStore -Xcc -D_LIBCPP_HARDENING_MODE\=_LIBCPP_HARDENING_MODE_DEBUG -swift-version 5 -I /Users/shoode/Library/Developer/Xcode/DerivedData/Calendar-cqibnsfjrbookzgvdwgphwtskobs/Build/Products/Debug-iphonesimulator -F /Users/shoode/Library/Developer/Xcode/DerivedData/Calendar-cqibnsfjrbookzgvdwgphwtskobs/Build/Products/Debug-iphonesimulator -emit-localized-strings -emit-localized-strings-path /Users/shoode/Library/Developer/Xcode/DerivedData/Calendar-cqibnsfjrbookzgvdwgphwtskobs/Build/Intermediates.noindex/Calendar.build/Debug-iphonesimulator/Calendar.build/Objects-normal/x86_64 -c -j12 -enable-batch-mode -incremental -Xcc -ivfsstatcache -Xcc /Users/shoode/Library/Developer/Xcode/DerivedData/SDKStatCaches.noindex/iphonesimulator26.1-23B77-90cf18a4295e390e64c810bc6bd7acbc.sdkstatcache -output-file-map /Users/shoode/Library/Developer/Xcode/DerivedData/Calendar-cqibnsfjrbookzgvdwgphwtskobs/Build/Intermediates.noindex/Calendar.build/Debug-iphonesimulator/Calendar.build/Objects-normal/x86_64/Calendar-OutputFileMap.json -use-frontend-parseable-output -save-temps -no-color-diagnostics -explicit-module-build -module-cache-path /Users/shoode/Library/Developer/Xcode/DerivedData/Calendar-cqibnsfjrbookzgvdwgphwtskobs/Build/Intermediates.noindex/SwiftExplicitPrecompiledModules -clang-scanner-module-cache-path /Users/shoode/Library/Developer/Xcode/DerivedData/ModuleCache.noindex -sdk-module-cache-path /Users/shoode/Library/Developer/Xcode/DerivedData/ModuleCache.noindex -serialize-diagnostics -emit-dependencies -emit-module -emit-module-path /Users/shoode/Library/Developer/Xcode/DerivedData/Calendar-cqibnsfjrbookzgvdwgphwtskobs/Build/Intermediates.noindex/Calendar.build/Debug-iphonesimulator/Calendar.build/Objects-normal/x86_64/Calendar.swiftmodule -validate-clang-modules-once -clang-build-session-file /Users/shoode/Library/Developer/Xcode/DerivedData/ModuleCache.noindex/Session.modulevalidation -Xcc -I/Users/shoode/Library/Developer/Xcode/DerivedData/Calendar-cqibnsfjrbookzgvdwgphwtskobs/Build/Intermediates.noindex/Calendar.build/Debug-iphonesimulator/Calendar.build/swift-overrides.hmap -emit-const-values -Xfrontend -const-gather-protocols-file -Xfrontend /Users/shoode/Library/Developer/Xcode/DerivedData/Calendar-cqibnsfjrbookzgvdwgphwtskobs/Build/Intermediates.noindex/Calendar.build/Debug-iphonesimulator/Calendar.build/Objects-normal/x86_64/Calendar_const_extract_protocols.json -Xcc -iquote -Xcc /Users/shoode/Library/Developer/Xcode/DerivedData/Calendar-cqibnsfjrbookzgvdwgphwtskobs/Build/Intermediates.noindex/Calendar.build/Debug-iphonesimulator/Calendar.build/Calendar-generated-files.hmap -Xcc -I/Users/shoode/Library/Developer/Xcode/DerivedData/Calendar-cqibnsfjrbookzgvdwgphwtskobs/Build/Intermediates.noindex/Calendar.build/Debug-iphonesimulator/Calendar.build/Calendar-own-target-headers.hmap -Xcc -I/Users/shoode/Library/Developer/Xcode/DerivedData/Calendar-cqibnsfjrbookzgvdwgphwtskobs/Build/Intermediates.noindex/Calendar.build/Debug-iphonesimulator/Calendar.build/Calendar-all-target-headers.hmap -Xcc -iquote -Xcc /Users/shoode/Library/Developer/Xcode/DerivedData/Calendar-cqibnsfjrbookzgvdwgphwtskobs/Build/Intermediates.noindex/Calendar.build/Debug-iphonesimulator/Calendar.build/Calendar-project-headers.hmap -Xcc -I/Users/shoode/Library/Developer/Xcode/DerivedData/Calendar-cqibnsfjrbookzgvdwgphwtskobs/Build/Products/Debug-iphonesimulator/include -Xcc -I/Users/shoode/Library/Developer/Xcode/DerivedData/Calendar-cqibnsfjrbookzgvdwgphwtskobs/Build/Intermediates.noindex/Calendar.build/Debug-iphonesimulator/Calendar.build/DerivedSources-normal/x86_64 -Xcc -I/Users/shoode/Library/Developer/Xcode/DerivedData/Calendar-cqibnsfjrbookzgvdwgphwtskobs/Build/Intermediates.noindex/Calendar.build/Debug-iphonesimulator/Calendar.build/DerivedSources/x86_64 -Xcc -I/Users/shoode/Library/Developer/Xcode/DerivedData/Calendar-cqibnsfjrbookzgvdwgphwtskobs/Build/Intermediates.noindex/Calendar.build/Debug-iphonesimulator/Calendar.build/DerivedSources -Xcc -DDEBUG\=1 -emit-objc-header -emit-objc-header-path /Users/shoode/Library/Developer/Xcode/DerivedData/Calendar-cqibnsfjrbookzgvdwgphwtskobs/Build/Intermediates.noindex/Calendar.build/Debug-iphonesimulator/Calendar.build/Objects-normal/x86_64/Calendar-Swift.h -working-directory /Users/shoode/projects/Calendar -experimental-emit-module-separately -disable-cmo

ConstructStubExecutorLinkFileList /Users/shoode/Library/Developer/Xcode/DerivedData/Calendar-cqibnsfjrbookzgvdwgphwtskobs/Build/Intermediates.noindex/Calendar.build/Debug-iphonesimulator/CalendarWidgetExtension.build/CalendarWidgetExtension-ExecutorLinkFileList-normal-x86_64.txt (in target 'CalendarWidgetExtension' from project 'Calendar')
    cd /Users/shoode/projects/Calendar
    construct-stub-executor-link-file-list /Users/shoode/Library/Developer/Xcode/DerivedData/Calendar-cqibnsfjrbookzgvdwgphwtskobs/Build/Products/Debug-iphonesimulator/CalendarWidgetExtension.appex/CalendarWidgetExtension.debug.dylib /Applications/Xcode.app/Contents/Developer/Platforms/iPhoneSimulator.platform/Developer/usr/lib/libPreviewsJITStubExecutor_no_swift_entry_point.a /Applications/Xcode.app/Contents/Developer/Platforms/iPhoneSimulator.platform/Developer/usr/lib/libPreviewsJITStubExecutor.a --output /Users/shoode/Library/Developer/Xcode/DerivedData/Calendar-cqibnsfjrbookzgvdwgphwtskobs/Build/Intermediates.noindex/Calendar.build/Debug-iphonesimulator/CalendarWidgetExtension.build/CalendarWidgetExtension-ExecutorLinkFileList-normal-x86_64.txt
note: Using stub executor library with Swift entry point. (in target 'CalendarWidgetExtension' from project 'Calendar')

Ld /Users/shoode/Library/Developer/Xcode/DerivedData/Calendar-cqibnsfjrbookzgvdwgphwtskobs/Build/Products/Debug-iphonesimulator/CalendarWidgetExtension.appex/CalendarWidgetExtension normal (in target 'CalendarWidgetExtension' from project 'Calendar')
    cd /Users/shoode/projects/Calendar
    /Applications/Xcode.app/Contents/Developer/Toolchains/XcodeDefault.xctoolchain/usr/bin/clang -Xlinker -reproducible -target x86_64-apple-ios18.6-simulator -isysroot /Applications/Xcode.app/Contents/Developer/Platforms/iPhoneSimulator.platform/Developer/SDKs/iPhoneSimulator26.1.sdk -O0 -L/Users/shoode/Library/Developer/Xcode/DerivedData/Calendar-cqibnsfjrbookzgvdwgphwtskobs/Build/Products/Debug-iphonesimulator -F/Users/shoode/Library/Developer/Xcode/DerivedData/Calendar-cqibnsfjrbookzgvdwgphwtskobs/Build/Products/Debug-iphonesimulator -Xlinker -rpath -Xlinker @executable_path -Xlinker -rpath -Xlinker @executable_path/Frameworks -Xlinker -rpath -Xlinker @executable_path/../../Frameworks -rdynamic -Xlinker -no_deduplicate -Xlinker -objc_abi_version -Xlinker 2 -Xlinker -debug_variant -e ___debug_blank_executor_main -Xlinker -sectcreate -Xlinker __TEXT -Xlinker __debug_dylib -Xlinker /Users/shoode/Library/Developer/Xcode/DerivedData/Calendar-cqibnsfjrbookzgvdwgphwtskobs/Build/Intermediates.noindex/Calendar.build/Debug-iphonesimulator/CalendarWidgetExtension.build/CalendarWidgetExtension-DebugDylibPath-normal-x86_64.txt -Xlinker -sectcreate -Xlinker __TEXT -Xlinker __debug_entry -Xlinker /Users/shoode/Library/Developer/Xcode/DerivedData/Calendar-cqibnsfjrbookzgvdwgphwtskobs/Build/Intermediates.noindex/Calendar.build/Debug-iphonesimulator/CalendarWidgetExtension.build/CalendarWidgetExtension-DebugEntryPoint-normal-x86_64.txt -Xlinker -sectcreate -Xlinker __TEXT -Xlinker __debug_instlnm -Xlinker /Users/shoode/Library/Developer/Xcode/DerivedData/Calendar-cqibnsfjrbookzgvdwgphwtskobs/Build/Intermediates.noindex/Calendar.build/Debug-iphonesimulator/CalendarWidgetExtension.build/CalendarWidgetExtension-DebugDylibInstallName-normal-x86_64.txt -Xlinker -filelist -Xlinker /Users/shoode/Library/Developer/Xcode/DerivedData/Calendar-cqibnsfjrbookzgvdwgphwtskobs/Build/Intermediates.noindex/Calendar.build/Debug-iphonesimulator/CalendarWidgetExtension.build/CalendarWidgetExtension-ExecutorLinkFileList-normal-x86_64.txt -Xlinker -sectcreate -Xlinker __TEXT -Xlinker __entitlements -Xlinker /Users/shoode/Library/Developer/Xcode/DerivedData/Calendar-cqibnsfjrbookzgvdwgphwtskobs/Build/Intermediates.noindex/Calendar.build/Debug-iphonesimulator/CalendarWidgetExtension.build/CalendarWidgetExtension.appex-Simulated.xcent -Xlinker -sectcreate -Xlinker __TEXT -Xlinker __ents_der -Xlinker /Users/shoode/Library/Developer/Xcode/DerivedData/Calendar-cqibnsfjrbookzgvdwgphwtskobs/Build/Intermediates.noindex/Calendar.build/Debug-iphonesimulator/CalendarWidgetExtension.build/CalendarWidgetExtension.appex-Simulated.xcent.der /Users/shoode/Library/Developer/Xcode/DerivedData/Calendar-cqibnsfjrbookzgvdwgphwtskobs/Build/Products/Debug-iphonesimulator/CalendarWidgetExtension.appex/CalendarWidgetExtension.debug.dylib -Xlinker -no_adhoc_codesign -o /Users/shoode/Library/Developer/Xcode/DerivedData/Calendar-cqibnsfjrbookzgvdwgphwtskobs/Build/Products/Debug-iphonesimulator/CalendarWidgetExtension.appex/CalendarWidgetExtension

ExtractAppIntentsMetadata (in target 'CalendarWidgetExtension' from project 'Calendar')
    cd /Users/shoode/projects/Calendar
    /Applications/Xcode.app/Contents/Developer/Toolchains/XcodeDefault.xctoolchain/usr/bin/appintentsmetadataprocessor --toolchain-dir /Applications/Xcode.app/Contents/Developer/Toolchains/XcodeDefault.xctoolchain --module-name CalendarWidgetExtension --sdk-root /Applications/Xcode.app/Contents/Developer/Platforms/iPhoneSimulator.platform/Developer/SDKs/iPhoneSimulator26.1.sdk --xcode-version 17B55 --platform-family iOS --deployment-target 18.6 --bundle-identifier Shoode.Calendar.CalendarWidget --output /Users/shoode/Library/Developer/Xcode/DerivedData/Calendar-cqibnsfjrbookzgvdwgphwtskobs/Build/Products/Debug-iphonesimulator/CalendarWidgetExtension.appex --target-triple x86_64-apple-ios18.6-simulator --binary-file /Users/shoode/Library/Developer/Xcode/DerivedData/Calendar-cqibnsfjrbookzgvdwgphwtskobs/Build/Products/Debug-iphonesimulator/CalendarWidgetExtension.appex/CalendarWidgetExtension --dependency-file /Users/shoode/Library/Developer/Xcode/DerivedData/Calendar-cqibnsfjrbookzgvdwgphwtskobs/Build/Intermediates.noindex/Calendar.build/Debug-iphonesimulator/CalendarWidgetExtension.build/Objects-normal/x86_64/CalendarWidgetExtension_dependency_info.dat --stringsdata-file /Users/shoode/Library/Developer/Xcode/DerivedData/Calendar-cqibnsfjrbookzgvdwgphwtskobs/Build/Intermediates.noindex/Calendar.build/Debug-iphonesimulator/CalendarWidgetExtension.build/Objects-normal/x86_64/ExtractedAppShortcutsMetadata.stringsdata --source-file-list /Users/shoode/Library/Developer/Xcode/DerivedData/Calendar-cqibnsfjrbookzgvdwgphwtskobs/Build/Intermediates.noindex/Calendar.build/Debug-iphonesimulator/CalendarWidgetExtension.build/Objects-normal/x86_64/CalendarWidgetExtension.SwiftFileList --metadata-file-list /Users/shoode/Library/Developer/Xcode/DerivedData/Calendar-cqibnsfjrbookzgvdwgphwtskobs/Build/Intermediates.noindex/Calendar.build/Debug-iphonesimulator/CalendarWidgetExtension.build/CalendarWidgetExtension.DependencyMetadataFileList --static-metadata-file-list /Users/shoode/Library/Developer/Xcode/DerivedData/Calendar-cqibnsfjrbookzgvdwgphwtskobs/Build/Intermediates.noindex/Calendar.build/Debug-iphonesimulator/CalendarWidgetExtension.build/CalendarWidgetExtension.DependencyStaticMetadataFileList --swift-const-vals-list /Users/shoode/Library/Developer/Xcode/DerivedData/Calendar-cqibnsfjrbookzgvdwgphwtskobs/Build/Intermediates.noindex/Calendar.build/Debug-iphonesimulator/CalendarWidgetExtension.build/Objects-normal/x86_64/CalendarWidgetExtension.SwiftConstValuesFileList --compile-time-extraction --deployment-aware-processing --validate-assistant-intents --no-app-shortcuts-localization
2026-02-13 19:22:31.523 appintentsmetadataprocessor[2858:107084] Starting appintentsmetadataprocessor export
2026-02-13 19:22:31.771 appintentsmetadataprocessor[2858:107084] Writing Metadata.appintents
2026-02-13 19:22:31.771 appintentsmetadataprocessor[2858:107084] Metadata root: /Users/shoode/Library/Developer/Xcode/DerivedData/Calendar-cqibnsfjrbookzgvdwgphwtskobs/Build/Products/Debug-iphonesimulator/CalendarWidgetExtension.appex/Metadata.appintents

CodeSign /Users/shoode/Library/Developer/Xcode/DerivedData/Calendar-cqibnsfjrbookzgvdwgphwtskobs/Build/Products/Debug-iphonesimulator/CalendarWidgetExtension.appex/CalendarWidgetExtension.debug.dylib (in target 'CalendarWidgetExtension' from project 'Calendar')
    cd /Users/shoode/projects/Calendar
    
    Signing Identity:     "Sign to Run Locally"
    
    /usr/bin/codesign --force --sign - --timestamp\=none --generate-entitlement-der /Users/shoode/Library/Developer/Xcode/DerivedData/Calendar-cqibnsfjrbookzgvdwgphwtskobs/Build/Products/Debug-iphonesimulator/CalendarWidgetExtension.appex/CalendarWidgetExtension.debug.dylib

CodeSign /Users/shoode/Library/Developer/Xcode/DerivedData/Calendar-cqibnsfjrbookzgvdwgphwtskobs/Build/Products/Debug-iphonesimulator/CalendarWidgetExtension.appex (in target 'CalendarWidgetExtension' from project 'Calendar')
    cd /Users/shoode/projects/Calendar
    
    Signing Identity:     "Sign to Run Locally"
    
    /usr/bin/codesign --force --sign - --entitlements /Users/shoode/Library/Developer/Xcode/DerivedData/Calendar-cqibnsfjrbookzgvdwgphwtskobs/Build/Intermediates.noindex/Calendar.build/Debug-iphonesimulator/CalendarWidgetExtension.build/CalendarWidgetExtension.appex.xcent --timestamp\=none --generate-entitlement-der /Users/shoode/Library/Developer/Xcode/DerivedData/Calendar-cqibnsfjrbookzgvdwgphwtskobs/Build/Products/Debug-iphonesimulator/CalendarWidgetExtension.appex

SwiftCompile normal x86_64 Compiling\ WeatherView.swift,\ WeatherService.swift,\ CountdownView.swift,\ View+Glass.swift /Users/shoode/projects/Calendar/Calendar/Features/Weather/Views/WeatherView.swift /Users/shoode/projects/Calendar/Calendar/Core/Services/WeatherService.swift /Users/shoode/projects/Calendar/Calendar/Features/Timer/Views/CountdownView.swift /Users/shoode/projects/Calendar/Calendar/Shared/Extensions/View+Glass.swift (in target 'Calendar' from project 'Calendar')

SwiftCompile normal x86_64 /Users/shoode/projects/Calendar/Calendar/Features/Weather/Views/WeatherView.swift (in target 'Calendar' from project 'Calendar')
    cd /Users/shoode/projects/Calendar
    

SwiftCompile normal x86_64 /Users/shoode/projects/Calendar/Calendar/Core/Services/WeatherService.swift (in target 'Calendar' from project 'Calendar')
    cd /Users/shoode/projects/Calendar
    

SwiftCompile normal x86_64 /Users/shoode/projects/Calendar/Calendar/Features/Timer/Views/CountdownView.swift (in target 'Calendar' from project 'Calendar')
    cd /Users/shoode/projects/Calendar
    

SwiftCompile normal x86_64 /Users/shoode/projects/Calendar/Calendar/Shared/Extensions/View+Glass.swift (in target 'Calendar' from project 'Calendar')
    cd /Users/shoode/projects/Calendar
    

SwiftCompile normal x86_64 Compiling\ SideSheetModifier.swift,\ NotFoundView.swift,\ MonthYearPicker.swift,\ GlassBackground.swift /Users/shoode/projects/Calendar/Calendar/Shared/Components/SideSheetModifier.swift /Users/shoode/projects/Calendar/Calendar/Shared/Components/NotFoundView.swift /Users/shoode/projects/Calendar/Calendar/Features/Calendar/Views/MonthYearPicker.swift /Users/shoode/projects/Calendar/Calendar/Shared/Components/GlassBackground.swift (in target 'Calendar' from project 'Calendar')
SwiftCompile normal x86_64 /Users/shoode/projects/Calendar/Calendar/Shared/Components/SideSheetModifier.swift (in target 'Calendar' from project 'Calendar')
    cd /Users/shoode/projects/Calendar
    

SwiftCompile normal x86_64 /Users/shoode/projects/Calendar/Calendar/Shared/Components/NotFoundView.swift (in target 'Calendar' from project 'Calendar')
    cd /Users/shoode/projects/Calendar
    

SwiftCompile normal x86_64 /Users/shoode/projects/Calendar/Calendar/Features/Calendar/Views/MonthYearPicker.swift (in target 'Calendar' from project 'Calendar')
    cd /Users/shoode/projects/Calendar
    

SwiftCompile normal x86_64 /Users/shoode/projects/Calendar/Calendar/Shared/Components/GlassBackground.swift (in target 'Calendar' from project 'Calendar')
    cd /Users/shoode/projects/Calendar
    

SwiftCompile normal x86_64 Compiling\ SettingsSheet.swift,\ CalendarApp.swift,\ TimerView.swift,\ NotificationService.swift /Users/shoode/projects/Calendar/Calendar/Features/Settings/Views/SettingsSheet.swift /Users/shoode/projects/Calendar/Calendar/CalendarApp.swift /Users/shoode/projects/Calendar/Calendar/Features/Timer/Views/TimerView.swift /Users/shoode/projects/Calendar/Calendar/Core/Services/NotificationService.swift (in target 'Calendar' from project 'Calendar')
SwiftCompile normal x86_64 /Users/shoode/projects/Calendar/Calendar/Features/Settings/Views/SettingsSheet.swift (in target 'Calendar' from project 'Calendar')
    cd /Users/shoode/projects/Calendar
    

SwiftCompile normal x86_64 /Users/shoode/projects/Calendar/Calendar/CalendarApp.swift (in target 'Calendar' from project 'Calendar')
    cd /Users/shoode/projects/Calendar
    

SwiftCompile normal x86_64 /Users/shoode/projects/Calendar/Calendar/Features/Timer/Views/TimerView.swift (in target 'Calendar' from project 'Calendar')
    cd /Users/shoode/projects/Calendar
    

SwiftCompile normal x86_64 /Users/shoode/projects/Calendar/Calendar/Core/Services/NotificationService.swift (in target 'Calendar' from project 'Calendar')
    cd /Users/shoode/projects/Calendar
    

SwiftCompile normal x86_64 Compiling\ AddEventView.swift,\ SubtaskRow.swift,\ TodoCheckbox.swift,\ TodoView.swift /Users/shoode/projects/Calendar/Calendar/Features/Calendar/Views/AddEventView.swift /Users/shoode/projects/Calendar/Calendar/Features/Todo/Components/SubtaskRow.swift /Users/shoode/projects/Calendar/Calendar/Features/Todo/Components/TodoCheckbox.swift /Users/shoode/projects/Calendar/Calendar/Features/Todo/Views/TodoView.swift (in target 'Calendar' from project 'Calendar')

SwiftCompile normal x86_64 /Users/shoode/projects/Calendar/Calendar/Features/Calendar/Views/AddEventView.swift (in target 'Calendar' from project 'Calendar')
    cd /Users/shoode/projects/Calendar
    

SwiftCompile normal x86_64 /Users/shoode/projects/Calendar/Calendar/Features/Todo/Components/SubtaskRow.swift (in target 'Calendar' from project 'Calendar')
    cd /Users/shoode/projects/Calendar
    

SwiftCompile normal x86_64 /Users/shoode/projects/Calendar/Calendar/Features/Todo/Components/TodoCheckbox.swift (in target 'Calendar' from project 'Calendar')
    cd /Users/shoode/projects/Calendar
    

SwiftCompile normal x86_64 /Users/shoode/projects/Calendar/Calendar/Features/Todo/Views/TodoView.swift (in target 'Calendar' from project 'Calendar')
    cd /Users/shoode/projects/Calendar
    

SwiftCompile normal x86_64 Compiling\ TodoRow.swift,\ RecurrencePicker.swift,\ TodoItem.swift,\ TopBarView.swift /Users/shoode/projects/Calendar/Calendar/Features/Todo/Views/TodoRow.swift /Users/shoode/projects/Calendar/Calendar/Features/Todo/Components/RecurrencePicker.swift /Users/shoode/projects/Calendar/Calendar/Core/Models/TodoItem.swift /Users/shoode/projects/Calendar/Calendar/Shared/Components/TopBarView.swift (in target 'Calendar' from project 'Calendar')

SwiftCompile normal x86_64 /Users/shoode/projects/Calendar/Calendar/Features/Todo/Views/TodoRow.swift (in target 'Calendar' from project 'Calendar')
    cd /Users/shoode/projects/Calendar
    

SwiftCompile normal x86_64 /Users/shoode/projects/Calendar/Calendar/Features/Todo/Components/RecurrencePicker.swift (in target 'Calendar' from project 'Calendar')
    cd /Users/shoode/projects/Calendar
    

SwiftCompile normal x86_64 /Users/shoode/projects/Calendar/Calendar/Core/Models/TodoItem.swift (in target 'Calendar' from project 'Calendar')
    cd /Users/shoode/projects/Calendar
    

SwiftCompile normal x86_64 /Users/shoode/projects/Calendar/Calendar/Shared/Components/TopBarView.swift (in target 'Calendar' from project 'Calendar')
    cd /Users/shoode/projects/Calendar
    

SwiftCompile normal x86_64 Compiling\ AlarmView.swift,\ SwipeGestureModifier.swift,\ CalendarView.swift,\ TodoViewModel.swift /Users/shoode/projects/Calendar/Calendar/Features/Alarm/Views/AlarmView.swift /Users/shoode/projects/Calendar/Calendar/Features/Calendar/Components/SwipeGestureModifier.swift /Users/shoode/projects/Calendar/Calendar/Features/Calendar/Views/CalendarView.swift /Users/shoode/projects/Calendar/Calendar/Core/ViewModels/TodoViewModel.swift (in target 'Calendar' from project 'Calendar')
SwiftCompile normal x86_64 /Users/shoode/projects/Calendar/Calendar/Features/Alarm/Views/AlarmView.swift (in target 'Calendar' from project 'Calendar')
    cd /Users/shoode/projects/Calendar
    

SwiftCompile normal x86_64 /Users/shoode/projects/Calendar/Calendar/Features/Calendar/Components/SwipeGestureModifier.swift (in target 'Calendar' from project 'Calendar')
    cd /Users/shoode/projects/Calendar
    

SwiftCompile normal x86_64 /Users/shoode/projects/Calendar/Calendar/Features/Calendar/Views/CalendarView.swift (in target 'Calendar' from project 'Calendar')
    cd /Users/shoode/projects/Calendar
    

SwiftCompile normal x86_64 /Users/shoode/projects/Calendar/Calendar/Core/ViewModels/TodoViewModel.swift (in target 'Calendar' from project 'Calendar')
    cd /Users/shoode/projects/Calendar
    

SwiftCompile normal x86_64 Compiling\ DebugView.swift,\ DebugSettings.swift,\ EventIndicator.swift,\ PomodoroView.swift /Users/shoode/projects/Calendar/Calendar/Debug/DebugView.swift /Users/shoode/projects/Calendar/Calendar/Debug/DebugSettings.swift /Users/shoode/projects/Calendar/Calendar/Features/Calendar/Components/EventIndicator.swift /Users/shoode/projects/Calendar/Calendar/Features/Timer/Views/PomodoroView.swift (in target 'Calendar' from project 'Calendar')

SwiftCompile normal x86_64 /Users/shoode/projects/Calendar/Calendar/Debug/DebugView.swift (in target 'Calendar' from project 'Calendar')
    cd /Users/shoode/projects/Calendar
    

SwiftCompile normal x86_64 /Users/shoode/projects/Calendar/Calendar/Debug/DebugSettings.swift (in target 'Calendar' from project 'Calendar')
    cd /Users/shoode/projects/Calendar
    

SwiftCompile normal x86_64 /Users/shoode/projects/Calendar/Calendar/Features/Calendar/Components/EventIndicator.swift (in target 'Calendar' from project 'Calendar')
    cd /Users/shoode/projects/Calendar
    

SwiftCompile normal x86_64 /Users/shoode/projects/Calendar/Calendar/Features/Timer/Views/PomodoroView.swift (in target 'Calendar' from project 'Calendar')
    cd /Users/shoode/projects/Calendar
    

SwiftCompile normal x86_64 Compiling\ EventDetailPopover.swift,\ Typography.swift,\ StatusBadge.swift,\ TimerControls.swift /Users/shoode/projects/Calendar/Calendar/Features/Calendar/Views/EventDetailPopover.swift /Users/shoode/projects/Calendar/Calendar/Shared/Utilities/Typography.swift /Users/shoode/projects/Calendar/Calendar/Shared/Components/StatusBadge.swift /Users/shoode/projects/Calendar/Calendar/Features/Timer/Components/TimerControls.swift (in target 'Calendar' from project 'Calendar')

SwiftCompile normal x86_64 /Users/shoode/projects/Calendar/Calendar/Features/Calendar/Views/EventDetailPopover.swift (in target 'Calendar' from project 'Calendar')
    cd /Users/shoode/projects/Calendar
    

SwiftCompile normal x86_64 /Users/shoode/projects/Calendar/Calendar/Shared/Utilities/Typography.swift (in target 'Calendar' from project 'Calendar')
    cd /Users/shoode/projects/Calendar
    

SwiftCompile normal x86_64 /Users/shoode/projects/Calendar/Calendar/Shared/Components/StatusBadge.swift (in target 'Calendar' from project 'Calendar')
    cd /Users/shoode/projects/Calendar
    

SwiftCompile normal x86_64 /Users/shoode/projects/Calendar/Calendar/Features/Timer/Components/TimerControls.swift (in target 'Calendar' from project 'Calendar')
    cd /Users/shoode/projects/Calendar
    

SwiftCompile normal x86_64 Compiling\ EventViewModel.swift,\ Expense.swift,\ ExpensesView.swift /Users/shoode/projects/Calendar/Calendar/Core/ViewModels/EventViewModel.swift /Users/shoode/projects/Calendar/Calendar/Core/Models/Expense.swift /Users/shoode/projects/Calendar/Calendar/Features/Expenses/Views/ExpensesView.swift (in target 'Calendar' from project 'Calendar')
Failed frontend command:
/Applications/Xcode.app/Contents/Developer/Toolchains/XcodeDefault.xctoolchain/usr/bin/swift-frontend -frontend -c /Users/shoode/projects/Calendar/Calendar/Features/Weather/Views/WeatherView.swift /Users/shoode/projects/Calendar/Calendar/Features/Weather/ViewModels/WeatherViewModel.swift /Users/shoode/projects/Calendar/Calendar/Core/Services/WeatherService.swift /Users/shoode/projects/Calendar/Calendar/Shared/Utilities/Formatters.swift /Users/shoode/projects/Calendar/Calendar/Features/Timer/Views/CountdownView.swift /Users/shoode/projects/Calendar/Calendar/Core/ViewModels/CalendarViewModel.swift /Users/shoode/projects/Calendar/Calendar/Shared/Extensions/View+Glass.swift /Users/shoode/projects/Calendar/Calendar/Features/Settings/Views/SettingsSheet.swift /Users/shoode/projects/Calendar/Calendar/CalendarApp.swift /Users/shoode/projects/Calendar/Calendar/Features/Timer/Views/TimerView.swift /Users/shoode/projects/Calendar/Calendar/Core/Services/NotificationService.swift /Users/shoode/projects/Calendar/Calendar/Shared/Components/DesignComponents.swift /Users/shoode/projects/Calendar/Calendar/Shared/Components/FloatingTabBar.swift /Users/shoode/projects/Calendar/Calendar/Core/ViewModels/AlarmViewModel.swift /Users/shoode/projects/Calendar/Calendar/Features/Timer/Views/PresetsGrid.swift /Users/shoode/projects/Calendar/Calendar/Debug/DebugView.swift /Users/shoode/projects/Calendar/Calendar/App/ErrorNotifications.swift /Users/shoode/projects/Calendar/Calendar/Debug/DebugSettings.swift /Users/shoode/projects/Calendar/Calendar/Features/Calendar/Components/EventIndicator.swift /Users/shoode/projects/Calendar/Calendar/AppDelegate.swift /Users/shoode/projects/Calendar/Calendar/Features/Timer/Views/PomodoroView.swift /Users/shoode/projects/Calendar/Calendar/Features/Calendar/Views/MonthView.swift /Users/shoode/projects/Calendar/Calendar/Shared/Components/SideSheetModifier.swift /Users/shoode/projects/Calendar/Calendar/Core/Models/WeatherModel.swift /Users/shoode/projects/Calendar/Calendar/Shared/Utilities/Localization.swift /Users/shoode/projects/Calendar/Calendar/Shared/Components/NotFoundView.swift /Users/shoode/projects/Calendar/Calendar/Features/Calendar/Views/MonthYearPicker.swift /Users/shoode/projects/Calendar/Calendar/Shared/Components/GlassBackground.swift /Users/shoode/projects/Calendar/Calendar/Features/Calendar/Views/AddEventView.swift /Users/shoode/projects/Calendar/Calendar/Shared/Extensions/Color+Theme.swift /Users/shoode/projects/Calendar/Calendar/Features/Todo/Views/AddCategorySheet.swift /Users/shoode/projects/Calendar/Calendar/Features/Todo/Views/AddTodoSheet.swift /Users/shoode/projects/Calendar/Calendar/Features/Todo/Components/SubtaskRow.swift /Users/shoode/projects/Calendar/Calendar/Features/Todo/Components/PriorityBadge.swift /Users/shoode/projects/Calendar/Calendar/Features/Todo/Components/TodoCheckbox.swift /Users/shoode/projects/Calendar/Calendar/Features/Todo/Views/TodoView.swift /Users/shoode/projects/Calendar/Calendar/Features/Todo/Views/TodoRow.swift /Users/shoode/projects/Calendar/Calendar/Features/Todo/Views/CategoryCard.swift /Users/shoode/projects/Calendar/Calendar/Features/Todo/Components/RecurrencePicker.swift /Users/shoode/projects/Calendar/Calendar/Shared/Components/FloatingErrorView.swift /Users/shoode/projects/Calendar/Calendar/Core/Models/TodoCategory.swift /Users/shoode/projects/Calendar/Calendar/Core/Models/TodoItem.swift /Users/shoode/projects/Calendar/Calendar/Core/Models/Event.swift /Users/shoode/projects/Calendar/Calendar/Shared/Extensions/Date+Extensions.swift /Users/shoode/projects/Calendar/Calendar/Shared/Components/TopBarView.swift /Users/shoode/projects/Calendar/Calendar/Features/Alarm/Views/AlarmView.swift /Users/shoode/projects/Calendar/Calendar/Features/Calendar/Views/DayCell.swift /Users/shoode/projects/Calendar/Calendar/Core/ViewModels/TimerViewModel.swift /Users/shoode/projects/Calendar/Calendar/Features/Calendar/Components/SwipeGestureModifier.swift /Users/shoode/projects/Calendar/Calendar/App/ErrorPresenter.swift /Users/shoode/projects/Calendar/Calendar/Core/Models/TimerSession.swift /Users/shoode/projects/Calendar/Calendar/Features/Calendar/Views/CalendarView.swift /Users/shoode/projects/Calendar/Calendar/Core/ViewModels/TodoViewModel.swift /Users/shoode/projects/Calendar/Calendar/Features/Alarm/Views/TimePicker.swift /Users/shoode/projects/Calendar/Calendar/Core/Models/TimerPreset.swift /Users/shoode/projects/Calendar/Calendar/Shared/Components/AdaptiveSidebar.swift /Users/shoode/projects/Calendar/Calendar/Features/Calendar/Views/EventListView.swift /Users/shoode/projects/Calendar/Calendar/Features/Timer/Components/TimerDisplay.swift /Users/shoode/projects/Calendar/Calendar/Shared/Components/AdaptiveTabBar.swift /Users/shoode/projects/Calendar/Calendar/Core/Services/AudioService.swift /Users/shoode/projects/Calendar/Calendar/Core/Services/HolidayService.swift /Users/shoode/projects/Calendar/Calendar/Features/Settings/Views/HolidayCountryPicker.swift /Users/shoode/projects/Calendar/Calendar/Features/Calendar/Views/EventDetailPopover.swift /Users/shoode/projects/Calendar/Calendar/Shared/Utilities/Typography.swift /Users/shoode/projects/Calendar/Calendar/Shared/Utilities/Spacing.swift /Users/shoode/projects/Calendar/Calendar/Shared/Components/StatusBadge.swift /Users/shoode/projects/Calendar/Calendar/Features/Timer/Components/TimerControls.swift /Users/shoode/projects/Calendar/Calendar/Features/Alarm/Components/AlarmToggle.swift /Users/shoode/projects/Calendar/Calendar/Shared/Utilities/Constants.swift /Users/shoode/projects/Calendar/Calendar/Shared/Components/GlassButton.swift /Users/shoode/projects/Calendar/Calendar/App/AppState.swift /Users/shoode/projects/Calendar/Calendar/Core/Models/Alarm.swift -primary-file /Users/shoode/projects/Calendar/Calendar/Core/ViewModels/EventViewModel.swift -primary-file /Users/shoode/projects/Calendar/Calendar/Core/Models/Expense.swift /Users/shoode/projects/Calendar/Calendar/Core/Models/ExpenseCategory.swift /Users/shoode/projects/Calendar/Calendar/Core/ViewModels/ExpenseViewModel.swift -primary-file /Users/shoode/projects/Calendar/Calendar/Features/Expenses/Views/ExpensesView.swift /Users/shoode/projects/Calendar/Calendar/Features/Expenses/Views/AddExpenseSheet.swift /Users/shoode/projects/Calendar/Calendar/Shared/Components/GlassCard.swift /Users/shoode/projects/Calendar/Calendar/Features/Expenses/Components/ExpenseRow.swift /Users/shoode/projects/Calendar/Calendar/Features/Clock/Views/ClockView.swift /Users/shoode/projects/Calendar/Calendar/Features/Calendar/Views/CalendarListView.swift /Users/shoode/projects/Calendar/Calendar/Features/Calendar/Views/CalendarTimelineView.swift /Users/shoode/projects/Calendar/Calendar/Features/Calendar/Components/WeekStrip.swift /Users/shoode/Library/Developer/Xcode/DerivedData/Calendar-cqibnsfjrbookzgvdwgphwtskobs/Build/Intermediates.noindex/Calendar.build/Debug-iphonesimulator/Calendar.build/DerivedSources/GeneratedAssetSymbols.swift -supplementary-output-file-map /Users/shoode/Library/Developer/Xcode/DerivedData/Calendar-cqibnsfjrbookzgvdwgphwtskobs/Build/Intermediates.noindex/Calendar.build/Debug-iphonesimulator/Calendar.build/Objects-normal/x86_64/supplementaryOutputs-10 -emit-localized-strings -emit-localized-strings-path /Users/shoode/Library/Developer/Xcode/DerivedData/Calendar-cqibnsfjrbookzgvdwgphwtskobs/Build/Intermediates.noindex/Calendar.build/Debug-iphonesimulator/Calendar.build/Objects-normal/x86_64 -target x86_64-apple-ios26.1-simulator -module-can-import-version DeveloperToolsSupport 23.0.4 23.0.4 -module-can-import-version SwiftUI 7.1.13.1 7.1.13 -module-can-import-version UIKit 9126.1.12.1 9126.1.12 -disable-cross-import-overlay-search -swift-module-cross-import SwiftData /Applications/Xcode.app/Contents/Developer/Platforms/iPhoneSimulator.platform/Developer/SDKs/iPhoneSimulator26.1.sdk/System/Library/Frameworks/SwiftData.framework/Modules/SwiftData.swiftcrossimport/CoreData.swiftoverlay -swift-module-cross-import SwiftData /Applications/Xcode.app/Contents/Developer/Platforms/iPhoneSimulator.platform/Developer/SDKs/iPhoneSimulator26.1.sdk/System/Library/Frameworks/SwiftData.framework/Modules/SwiftData.swiftcrossimport/SwiftUI.swiftoverlay -load-resolved-plugin /Applications/Xcode.app/Contents/Developer/Platforms/iPhoneOS.platform/Developer/usr/lib/swift/host/plugins/libAppIntentsMacros.dylib\#/Applications/Xcode.app/Contents/Developer/Platforms/iPhoneOS.platform/Developer/usr/bin/swift-plugin-server\#AppIntentsMacros -load-resolved-plugin /Applications/Xcode.app/Contents/Developer/Platforms/iPhoneOS.platform/Developer/usr/lib/swift/host/plugins/libFoundationMacros.dylib\#/Applications/Xcode.app/Contents/Developer/Platforms/iPhoneOS.platform/Developer/usr/bin/swift-plugin-server\#FoundationMacros -load-resolved-plugin /Applications/Xcode.app/Contents/Developer/Platforms/iPhoneOS.platform/Developer/usr/lib/swift/host/plugins/libObservationMacros.dylib\#/Applications/Xcode.app/Contents/Developer/Platforms/iPhoneOS.platform/Developer/usr/bin/swift-plugin-server\#ObservationMacros -load-resolved-plugin /Applications/Xcode.app/Contents/Developer/Platforms/iPhoneOS.platform/Developer/usr/lib/swift/host/plugins/libPreviewsMacros.dylib\#/Applications/Xcode.app/Contents/Developer/Platforms/iPhoneOS.platform/Developer/usr/bin/swift-plugin-server\#PreviewsMacros -load-resolved-plugin /Applications/Xcode.app/Contents/Developer/Platforms/iPhoneOS.platform/Developer/usr/lib/swift/host/plugins/libSwiftDataMacros.dylib\#/Applications/Xcode.app/Contents/Developer/Platforms/iPhoneOS.platform/Developer/usr/bin/swift-plugin-server\#SwiftDataMacros -load-resolved-plugin /Applications/Xcode.app/Contents/Developer/Platforms/iPhoneOS.platform/Developer/usr/lib/swift/host/plugins/libSwiftMacros.dylib\#/Applications/Xcode.app/Contents/Developer/Platforms/iPhoneOS.platform/Developer/usr/bin/swift-plugin-server\#SwiftMacros -load-resolved-plugin /Applications/Xcode.app/Contents/Developer/Platforms/iPhoneOS.platform/Developer/usr/lib/swift/host/plugins/libSwiftUIMacros.dylib\#/Applications/Xcode.app/Contents/Developer/Platforms/iPhoneOS.platform/Developer/usr/bin/swift-plugin-server\#SwiftUIMacros -disable-implicit-swift-modules -Xcc -fno-implicit-modules -Xcc -fno-implicit-module-maps -explicit-swift-module-map-file /Users/shoode/Library/Developer/Xcode/DerivedData/Calendar-cqibnsfjrbookzgvdwgphwtskobs/Build/Intermediates.noindex/Calendar.build/Debug-iphonesimulator/Calendar.build/Objects-normal/x86_64/Calendar-dependencies-1.json -enable-objc-interop -sdk /Applications/Xcode.app/Contents/Developer/Platforms/iPhoneSimulator.platform/Developer/SDKs/iPhoneSimulator26.1.sdk -I /Users/shoode/Library/Developer/Xcode/DerivedData/Calendar-cqibnsfjrbookzgvdwgphwtskobs/Build/Products/Debug-iphonesimulator -F /Users/shoode/Library/Developer/Xcode/DerivedData/Calendar-cqibnsfjrbookzgvdwgphwtskobs/Build/Products/Debug-iphonesimulator -no-color-diagnostics -Xcc -fno-color-diagnostics -enable-testing -g -debug-info-format\=dwarf -dwarf-version\=5 -module-cache-path /Users/shoode/Library/Developer/Xcode/DerivedData/Calendar-cqibnsfjrbookzgvdwgphwtskobs/Build/Intermediates.noindex/SwiftExplicitPrecompiledModules -profile-generate -profile-coverage-mapping -swift-version 5 -enforce-exclusivity\=checked -Onone -D DEBUG -serialize-debugging-options -const-gather-protocols-file /Users/shoode/Library/Developer/Xcode/DerivedData/Calendar-cqibnsfjrbookzgvdwgphwtskobs/Build/Intermediates.noindex/Calendar.build/Debug-iphonesimulator/Calendar.build/Objects-normal/x86_64/Calendar_const_extract_protocols.json -enable-upcoming-feature DisableOutwardActorInference -enable-upcoming-feature InferSendableFromCaptures -enable-upcoming-feature GlobalActorIsolatedTypesUsability -enable-upcoming-feature MemberImportVisibility -enable-upcoming-feature InferIsolatedConformances -enable-upcoming-feature NonisolatedNonsendingByDefault -enable-experimental-feature DebugDescriptionMacro -enable-bare-slash-regex -default-isolation\=MainActor -empty-abi-descriptor -validate-clang-modules-once -clang-build-session-file /Users/shoode/Library/Developer/Xcode/DerivedData/ModuleCache.noindex/Session.modulevalidation -Xcc -working-directory -Xcc /Users/shoode/projects/Calendar -enable-anonymous-context-mangled-names -file-compilation-dir /Users/shoode/projects/Calendar -Xcc -D_LIBCPP_HARDENING_MODE\=_LIBCPP_HARDENING_MODE_DEBUG -Xcc -ivfsstatcache -Xcc /Users/shoode/Library/Developer/Xcode/DerivedData/SDKStatCaches.noindex/iphonesimulator26.1-23B77-90cf18a4295e390e64c810bc6bd7acbc.sdkstatcache -Xcc -I/Users/shoode/Library/Developer/Xcode/DerivedData/Calendar-cqibnsfjrbookzgvdwgphwtskobs/Build/Intermediates.noindex/Calendar.build/Debug-iphonesimulator/Calendar.build/swift-overrides.hmap -Xcc -iquote -Xcc /Users/shoode/Library/Developer/Xcode/DerivedData/Calendar-cqibnsfjrbookzgvdwgphwtskobs/Build/Intermediates.noindex/Calendar.build/Debug-iphonesimulator/Calendar.build/Calendar-generated-files.hmap -Xcc -I/Users/shoode/Library/Developer/Xcode/DerivedData/Calendar-cqibnsfjrbookzgvdwgphwtskobs/Build/Intermediates.noindex/Calendar.build/Debug-iphonesimulator/Calendar.build/Calendar-own-target-headers.hmap -Xcc -I/Users/shoode/Library/Developer/Xcode/DerivedData/Calendar-cqibnsfjrbookzgvdwgphwtskobs/Build/Intermediates.noindex/Calendar.build/Debug-iphonesimulator/Calendar.build/Calendar-all-target-headers.hmap -Xcc -iquote -Xcc /Users/shoode/Library/Developer/Xcode/DerivedData/Calendar-cqibnsfjrbookzgvdwgphwtskobs/Build/Intermediates.noindex/Calendar.build/Debug-iphonesimulator/Calendar.build/Calendar-project-headers.hmap -Xcc -I/Users/shoode/Library/Developer/Xcode/DerivedData/Calendar-cqibnsfjrbookzgvdwgphwtskobs/Build/Products/Debug-iphonesimulator/include -Xcc -I/Users/shoode/Library/Developer/Xcode/DerivedData/Calendar-cqibnsfjrbookzgvdwgphwtskobs/Build/Intermediates.noindex/Calendar.build/Debug-iphonesimulator/Calendar.build/DerivedSources-normal/x86_64 -Xcc -I/Users/shoode/Library/Developer/Xcode/DerivedData/Calendar-cqibnsfjrbookzgvdwgphwtskobs/Build/Intermediates.noindex/Calendar.build/Debug-iphonesimulator/Calendar.build/DerivedSources/x86_64 -Xcc -I/Users/shoode/Library/Developer/Xcode/DerivedData/Calendar-cqibnsfjrbookzgvdwgphwtskobs/Build/Intermediates.noindex/Calendar.build/Debug-iphonesimulator/Calendar.build/DerivedSources -Xcc -DDEBUG\=1 -no-auto-bridging-header-chaining -module-name Calendar -frontend-parseable-output -disable-clang-spi -target-sdk-version 26.1 -target-sdk-name iphonesimulator26.1 -clang-target x86_64-apple-ios26.1-simulator -in-process-plugin-server-path /Applications/Xcode.app/Contents/Developer/Toolchains/XcodeDefault.xctoolchain/usr/lib/swift/host/libSwiftInProcPluginServer.dylib -o /Users/shoode/Library/Developer/Xcode/DerivedData/Calendar-cqibnsfjrbookzgvdwgphwtskobs/Build/Intermediates.noindex/Calendar.build/Debug-iphonesimulator/Calendar.build/Objects-normal/x86_64/EventViewModel.o -o /Users/shoode/Library/Developer/Xcode/DerivedData/Calendar-cqibnsfjrbookzgvdwgphwtskobs/Build/Intermediates.noindex/Calendar.build/Debug-iphonesimulator/Calendar.build/Objects-normal/x86_64/Expense.o -o /Users/shoode/Library/Developer/Xcode/DerivedData/Calendar-cqibnsfjrbookzgvdwgphwtskobs/Build/Intermediates.noindex/Calendar.build/Debug-iphonesimulator/Calendar.build/Objects-normal/x86_64/ExpensesView.o -index-unit-output-path /Calendar.build/Debug-iphonesimulator/Calendar.build/Objects-normal/x86_64/EventViewModel.o -index-unit-output-path /Calendar.build/Debug-iphonesimulator/Calendar.build/Objects-normal/x86_64/Expense.o -index-unit-output-path /Calendar.build/Debug-iphonesimulator/Calendar.build/Objects-normal/x86_64/ExpensesView.o -index-store-path /Users/shoode/Library/Developer/Xcode/DerivedData/Calendar-cqibnsfjrbookzgvdwgphwtskobs/Index.noindex/DataStore -index-system-modules

SwiftCompile normal x86_64 /Users/shoode/projects/Calendar/Calendar/Core/ViewModels/EventViewModel.swift (in target 'Calendar' from project 'Calendar')
    cd /Users/shoode/projects/Calendar
    

SwiftCompile normal x86_64 /Users/shoode/projects/Calendar/Calendar/Core/Models/Expense.swift (in target 'Calendar' from project 'Calendar')
    cd /Users/shoode/projects/Calendar
    

SwiftCompile normal x86_64 /Users/shoode/projects/Calendar/Calendar/Features/Expenses/Views/ExpensesView.swift (in target 'Calendar' from project 'Calendar')
    cd /Users/shoode/projects/Calendar
    
/Users/shoode/projects/Calendar/Calendar/Features/Expenses/Views/ExpensesView.swift:86:39: error: type 'Localization.Key' has no member 'total'
            Text(Localization.string(.total).uppercased())
                                     ~^~~~~

SwiftCompile normal x86_64 Compiling\ TimePicker.swift,\ AdaptiveSidebar.swift,\ AdaptiveTabBar.swift,\ HolidayCountryPicker.swift /Users/shoode/projects/Calendar/Calendar/Features/Alarm/Views/TimePicker.swift /Users/shoode/projects/Calendar/Calendar/Shared/Components/AdaptiveSidebar.swift /Users/shoode/projects/Calendar/Calendar/Shared/Components/AdaptiveTabBar.swift /Users/shoode/projects/Calendar/Calendar/Features/Settings/Views/HolidayCountryPicker.swift (in target 'Calendar' from project 'Calendar')

SwiftCompile normal x86_64 /Users/shoode/projects/Calendar/Calendar/Features/Alarm/Views/TimePicker.swift (in target 'Calendar' from project 'Calendar')
    cd /Users/shoode/projects/Calendar
    

SwiftCompile normal x86_64 /Users/shoode/projects/Calendar/Calendar/Shared/Components/AdaptiveSidebar.swift (in target 'Calendar' from project 'Calendar')
    cd /Users/shoode/projects/Calendar
    

SwiftCompile normal x86_64 /Users/shoode/projects/Calendar/Calendar/Shared/Components/AdaptiveTabBar.swift (in target 'Calendar' from project 'Calendar')
    cd /Users/shoode/projects/Calendar
    

SwiftCompile normal x86_64 /Users/shoode/projects/Calendar/Calendar/Features/Settings/Views/HolidayCountryPicker.swift (in target 'Calendar' from project 'Calendar')
    cd /Users/shoode/projects/Calendar
    

SwiftEmitModule normal x86_64 Emitting\ module\ for\ Calendar (in target 'Calendar' from project 'Calendar')

EmitSwiftModule normal x86_64 (in target 'Calendar' from project 'Calendar')
    cd /Users/shoode/projects/Calendar
    

SwiftCompile normal x86_64 Compiling\ CalendarTimelineView.swift,\ WeekStrip.swift,\ GeneratedAssetSymbols.swift /Users/shoode/projects/Calendar/Calendar/Features/Calendar/Views/CalendarTimelineView.swift /Users/shoode/projects/Calendar/Calendar/Features/Calendar/Components/WeekStrip.swift /Users/shoode/Library/Developer/Xcode/DerivedData/Calendar-cqibnsfjrbookzgvdwgphwtskobs/Build/Intermediates.noindex/Calendar.build/Debug-iphonesimulator/Calendar.build/DerivedSources/GeneratedAssetSymbols.swift (in target 'Calendar' from project 'Calendar')

SwiftCompile normal x86_64 /Users/shoode/projects/Calendar/Calendar/Features/Calendar/Views/CalendarTimelineView.swift (in target 'Calendar' from project 'Calendar')
    cd /Users/shoode/projects/Calendar
    

SwiftCompile normal x86_64 /Users/shoode/projects/Calendar/Calendar/Features/Calendar/Components/WeekStrip.swift (in target 'Calendar' from project 'Calendar')
    cd /Users/shoode/projects/Calendar
    

SwiftCompile normal x86_64 /Users/shoode/Library/Developer/Xcode/DerivedData/Calendar-cqibnsfjrbookzgvdwgphwtskobs/Build/Intermediates.noindex/Calendar.build/Debug-iphonesimulator/Calendar.build/DerivedSources/GeneratedAssetSymbols.swift (in target 'Calendar' from project 'Calendar')
    cd /Users/shoode/projects/Calendar
    

SwiftCompile normal x86_64 Compiling\ AddExpenseSheet.swift,\ GlassCard.swift,\ CalendarListView.swift /Users/shoode/projects/Calendar/Calendar/Features/Expenses/Views/AddExpenseSheet.swift /Users/shoode/projects/Calendar/Calendar/Shared/Components/GlassCard.swift /Users/shoode/projects/Calendar/Calendar/Features/Calendar/Views/CalendarListView.swift (in target 'Calendar' from project 'Calendar')

SwiftCompile normal x86_64 /Users/shoode/projects/Calendar/Calendar/Features/Expenses/Views/AddExpenseSheet.swift (in target 'Calendar' from project 'Calendar')
    cd /Users/shoode/projects/Calendar
    

SwiftCompile normal x86_64 /Users/shoode/projects/Calendar/Calendar/Shared/Components/GlassCard.swift (in target 'Calendar' from project 'Calendar')
    cd /Users/shoode/projects/Calendar
    

SwiftCompile normal x86_64 /Users/shoode/projects/Calendar/Calendar/Features/Calendar/Views/CalendarListView.swift (in target 'Calendar' from project 'Calendar')
    cd /Users/shoode/projects/Calendar
    

SwiftDriverJobDiscovery normal x86_64 Compiling DebugView.swift, DebugSettings.swift, EventIndicator.swift, PomodoroView.swift (in target 'Calendar' from project 'Calendar')

SwiftDriverJobDiscovery normal x86_64 Compiling EventDetailPopover.swift, Typography.swift, StatusBadge.swift, TimerControls.swift (in target 'Calendar' from project 'Calendar')

SwiftDriverJobDiscovery normal x86_64 Compiling TodoRow.swift, RecurrencePicker.swift, TodoItem.swift, TopBarView.swift (in target 'Calendar' from project 'Calendar')

SwiftDriverJobDiscovery normal x86_64 Compiling CalendarTimelineView.swift, WeekStrip.swift, GeneratedAssetSymbols.swift (in target 'Calendar' from project 'Calendar')

SwiftDriverJobDiscovery normal x86_64 Compiling WeatherView.swift, WeatherService.swift, CountdownView.swift, View+Glass.swift (in target 'Calendar' from project 'Calendar')

SwiftDriverJobDiscovery normal x86_64 Compiling SideSheetModifier.swift, NotFoundView.swift, MonthYearPicker.swift, GlassBackground.swift (in target 'Calendar' from project 'Calendar')

SwiftDriverJobDiscovery normal x86_64 Compiling AddExpenseSheet.swift, GlassCard.swift, CalendarListView.swift (in target 'Calendar' from project 'Calendar')

SwiftCompile normal x86_64 Compiling\ AddTodoSheet.swift /Users/shoode/projects/Calendar/Calendar/Features/Todo/Views/AddTodoSheet.swift (in target 'Calendar' from project 'Calendar')

SwiftCompile normal x86_64 /Users/shoode/projects/Calendar/Calendar/Features/Todo/Views/AddTodoSheet.swift (in target 'Calendar' from project 'Calendar')
    cd /Users/shoode/projects/Calendar
    

SwiftCompile normal x86_64 Compiling\ CategoryCard.swift /Users/shoode/projects/Calendar/Calendar/Features/Todo/Views/CategoryCard.swift (in target 'Calendar' from project 'Calendar')

SwiftCompile normal x86_64 /Users/shoode/projects/Calendar/Calendar/Features/Todo/Views/CategoryCard.swift (in target 'Calendar' from project 'Calendar')
    cd /Users/shoode/projects/Calendar
    

SwiftCompile normal x86_64 Compiling\ PresetsGrid.swift /Users/shoode/projects/Calendar/Calendar/Features/Timer/Views/PresetsGrid.swift (in target 'Calendar' from project 'Calendar')

SwiftCompile normal x86_64 /Users/shoode/projects/Calendar/Calendar/Features/Timer/Views/PresetsGrid.swift (in target 'Calendar' from project 'Calendar')
    cd /Users/shoode/projects/Calendar
    

SwiftDriverJobDiscovery normal x86_64 Compiling TimePicker.swift, AdaptiveSidebar.swift, AdaptiveTabBar.swift, HolidayCountryPicker.swift (in target 'Calendar' from project 'Calendar')

SwiftDriverJobDiscovery normal x86_64 Compiling AddEventView.swift, SubtaskRow.swift, TodoCheckbox.swift, TodoView.swift (in target 'Calendar' from project 'Calendar')

SwiftDriverJobDiscovery normal x86_64 Emitting module for Calendar (in target 'Calendar' from project 'Calendar')

SwiftDriver\ Compilation\ Requirements Calendar normal x86_64 com.apple.xcode.tools.swift.compiler (in target 'Calendar' from project 'Calendar')
    cd /Users/shoode/projects/Calendar
    builtin-Swift-Compilation-Requirements -- /Applications/Xcode.app/Contents/Developer/Toolchains/XcodeDefault.xctoolchain/usr/bin/swiftc -module-name Calendar -Onone -enforce-exclusivity\=checked @/Users/shoode/Library/Developer/Xcode/DerivedData/Calendar-cqibnsfjrbookzgvdwgphwtskobs/Build/Intermediates.noindex/Calendar.build/Debug-iphonesimulator/Calendar.build/Objects-normal/x86_64/Calendar.SwiftFileList -DDEBUG -default-isolation\=MainActor -enable-bare-slash-regex -enable-upcoming-feature DisableOutwardActorInference -enable-upcoming-feature InferSendableFromCaptures -enable-upcoming-feature GlobalActorIsolatedTypesUsability -enable-upcoming-feature MemberImportVisibility -enable-upcoming-feature InferIsolatedConformances -enable-upcoming-feature NonisolatedNonsendingByDefault -enable-experimental-feature DebugDescriptionMacro -sdk /Applications/Xcode.app/Contents/Developer/Platforms/iPhoneSimulator.platform/Developer/SDKs/iPhoneSimulator26.1.sdk -target x86_64-apple-ios26.1-simulator -g -module-cache-path /Users/shoode/Library/Developer/Xcode/DerivedData/ModuleCache.noindex -Xfrontend -serialize-debugging-options -profile-coverage-mapping -profile-generate -enable-testing -index-store-path /Users/shoode/Library/Developer/Xcode/DerivedData/Calendar-cqibnsfjrbookzgvdwgphwtskobs/Index.noindex/DataStore -Xcc -D_LIBCPP_HARDENING_MODE\=_LIBCPP_HARDENING_MODE_DEBUG -swift-version 5 -I /Users/shoode/Library/Developer/Xcode/DerivedData/Calendar-cqibnsfjrbookzgvdwgphwtskobs/Build/Products/Debug-iphonesimulator -F /Users/shoode/Library/Developer/Xcode/DerivedData/Calendar-cqibnsfjrbookzgvdwgphwtskobs/Build/Products/Debug-iphonesimulator -emit-localized-strings -emit-localized-strings-path /Users/shoode/Library/Developer/Xcode/DerivedData/Calendar-cqibnsfjrbookzgvdwgphwtskobs/Build/Intermediates.noindex/Calendar.build/Debug-iphonesimulator/Calendar.build/Objects-normal/x86_64 -c -j12 -enable-batch-mode -incremental -Xcc -ivfsstatcache -Xcc /Users/shoode/Library/Developer/Xcode/DerivedData/SDKStatCaches.noindex/iphonesimulator26.1-23B77-90cf18a4295e390e64c810bc6bd7acbc.sdkstatcache -output-file-map /Users/shoode/Library/Developer/Xcode/DerivedData/Calendar-cqibnsfjrbookzgvdwgphwtskobs/Build/Intermediates.noindex/Calendar.build/Debug-iphonesimulator/Calendar.build/Objects-normal/x86_64/Calendar-OutputFileMap.json -use-frontend-parseable-output -save-temps -no-color-diagnostics -explicit-module-build -module-cache-path /Users/shoode/Library/Developer/Xcode/DerivedData/Calendar-cqibnsfjrbookzgvdwgphwtskobs/Build/Intermediates.noindex/SwiftExplicitPrecompiledModules -clang-scanner-module-cache-path /Users/shoode/Library/Developer/Xcode/DerivedData/ModuleCache.noindex -sdk-module-cache-path /Users/shoode/Library/Developer/Xcode/DerivedData/ModuleCache.noindex -serialize-diagnostics -emit-dependencies -emit-module -emit-module-path /Users/shoode/Library/Developer/Xcode/DerivedData/Calendar-cqibnsfjrbookzgvdwgphwtskobs/Build/Intermediates.noindex/Calendar.build/Debug-iphonesimulator/Calendar.build/Objects-normal/x86_64/Calendar.swiftmodule -validate-clang-modules-once -clang-build-session-file /Users/shoode/Library/Developer/Xcode/DerivedData/ModuleCache.noindex/Session.modulevalidation -Xcc -I/Users/shoode/Library/Developer/Xcode/DerivedData/Calendar-cqibnsfjrbookzgvdwgphwtskobs/Build/Intermediates.noindex/Calendar.build/Debug-iphonesimulator/Calendar.build/swift-overrides.hmap -emit-const-values -Xfrontend -const-gather-protocols-file -Xfrontend /Users/shoode/Library/Developer/Xcode/DerivedData/Calendar-cqibnsfjrbookzgvdwgphwtskobs/Build/Intermediates.noindex/Calendar.build/Debug-iphonesimulator/Calendar.build/Objects-normal/x86_64/Calendar_const_extract_protocols.json -Xcc -iquote -Xcc /Users/shoode/Library/Developer/Xcode/DerivedData/Calendar-cqibnsfjrbookzgvdwgphwtskobs/Build/Intermediates.noindex/Calendar.build/Debug-iphonesimulator/Calendar.build/Calendar-generated-files.hmap -Xcc -I/Users/shoode/Library/Developer/Xcode/DerivedData/Calendar-cqibnsfjrbookzgvdwgphwtskobs/Build/Intermediates.noindex/Calendar.build/Debug-iphonesimulator/Calendar.build/Calendar-own-target-headers.hmap -Xcc -I/Users/shoode/Library/Developer/Xcode/DerivedData/Calendar-cqibnsfjrbookzgvdwgphwtskobs/Build/Intermediates.noindex/Calendar.build/Debug-iphonesimulator/Calendar.build/Calendar-all-target-headers.hmap -Xcc -iquote -Xcc /Users/shoode/Library/Developer/Xcode/DerivedData/Calendar-cqibnsfjrbookzgvdwgphwtskobs/Build/Intermediates.noindex/Calendar.build/Debug-iphonesimulator/Calendar.build/Calendar-project-headers.hmap -Xcc -I/Users/shoode/Library/Developer/Xcode/DerivedData/Calendar-cqibnsfjrbookzgvdwgphwtskobs/Build/Products/Debug-iphonesimulator/include -Xcc -I/Users/shoode/Library/Developer/Xcode/DerivedData/Calendar-cqibnsfjrbookzgvdwgphwtskobs/Build/Intermediates.noindex/Calendar.build/Debug-iphonesimulator/Calendar.build/DerivedSources-normal/x86_64 -Xcc -I/Users/shoode/Library/Developer/Xcode/DerivedData/Calendar-cqibnsfjrbookzgvdwgphwtskobs/Build/Intermediates.noindex/Calendar.build/Debug-iphonesimulator/Calendar.build/DerivedSources/x86_64 -Xcc -I/Users/shoode/Library/Developer/Xcode/DerivedData/Calendar-cqibnsfjrbookzgvdwgphwtskobs/Build/Intermediates.noindex/Calendar.build/Debug-iphonesimulator/Calendar.build/DerivedSources -Xcc -DDEBUG\=1 -emit-objc-header -emit-objc-header-path /Users/shoode/Library/Developer/Xcode/DerivedData/Calendar-cqibnsfjrbookzgvdwgphwtskobs/Build/Intermediates.noindex/Calendar.build/Debug-iphonesimulator/Calendar.build/Objects-normal/x86_64/Calendar-Swift.h -working-directory /Users/shoode/projects/Calendar -experimental-emit-module-separately -disable-cmo

SwiftMergeGeneratedHeaders /Users/shoode/Library/Developer/Xcode/DerivedData/Calendar-cqibnsfjrbookzgvdwgphwtskobs/Build/Intermediates.noindex/Calendar.build/Debug-iphonesimulator/Calendar.build/DerivedSources/Calendar-Swift.h /Users/shoode/Library/Developer/Xcode/DerivedData/Calendar-cqibnsfjrbookzgvdwgphwtskobs/Build/Intermediates.noindex/Calendar.build/Debug-iphonesimulator/Calendar.build/Objects-normal/x86_64/Calendar-Swift.h (in target 'Calendar' from project 'Calendar')
    cd /Users/shoode/projects/Calendar
    builtin-swiftHeaderTool -arch x86_64 /Users/shoode/Library/Developer/Xcode/DerivedData/Calendar-cqibnsfjrbookzgvdwgphwtskobs/Build/Intermediates.noindex/Calendar.build/Debug-iphonesimulator/Calendar.build/Objects-normal/x86_64/Calendar-Swift.h -o /Users/shoode/Library/Developer/Xcode/DerivedData/Calendar-cqibnsfjrbookzgvdwgphwtskobs/Build/Intermediates.noindex/Calendar.build/Debug-iphonesimulator/Calendar.build/DerivedSources/Calendar-Swift.h

Copy /Users/shoode/Library/Developer/Xcode/DerivedData/Calendar-cqibnsfjrbookzgvdwgphwtskobs/Build/Products/Debug-iphonesimulator/Calendar.swiftmodule/x86_64-apple-ios-simulator.swiftmodule /Users/shoode/Library/Developer/Xcode/DerivedData/Calendar-cqibnsfjrbookzgvdwgphwtskobs/Build/Intermediates.noindex/Calendar.build/Debug-iphonesimulator/Calendar.build/Objects-normal/x86_64/Calendar.swiftmodule (in target 'Calendar' from project 'Calendar')
    cd /Users/shoode/projects/Calendar
    builtin-copy -exclude .DS_Store -exclude CVS -exclude .svn -exclude .git -exclude .hg -resolve-src-symlinks -rename /Users/shoode/Library/Developer/Xcode/DerivedData/Calendar-cqibnsfjrbookzgvdwgphwtskobs/Build/Intermediates.noindex/Calendar.build/Debug-iphonesimulator/Calendar.build/Objects-normal/x86_64/Calendar.swiftmodule /Users/shoode/Library/Developer/Xcode/DerivedData/Calendar-cqibnsfjrbookzgvdwgphwtskobs/Build/Products/Debug-iphonesimulator/Calendar.swiftmodule/x86_64-apple-ios-simulator.swiftmodule

Copy /Users/shoode/Library/Developer/Xcode/DerivedData/Calendar-cqibnsfjrbookzgvdwgphwtskobs/Build/Products/Debug-iphonesimulator/Calendar.swiftmodule/Project/x86_64-apple-ios-simulator.swiftsourceinfo /Users/shoode/Library/Developer/Xcode/DerivedData/Calendar-cqibnsfjrbookzgvdwgphwtskobs/Build/Intermediates.noindex/Calendar.build/Debug-iphonesimulator/Calendar.build/Objects-normal/x86_64/Calendar.swiftsourceinfo (in target 'Calendar' from project 'Calendar')
    cd /Users/shoode/projects/Calendar
    builtin-copy -exclude .DS_Store -exclude CVS -exclude .svn -exclude .git -exclude .hg -resolve-src-symlinks -rename /Users/shoode/Library/Developer/Xcode/DerivedData/Calendar-cqibnsfjrbookzgvdwgphwtskobs/Build/Intermediates.noindex/Calendar.build/Debug-iphonesimulator/Calendar.build/Objects-normal/x86_64/Calendar.swiftsourceinfo /Users/shoode/Library/Developer/Xcode/DerivedData/Calendar-cqibnsfjrbookzgvdwgphwtskobs/Build/Products/Debug-iphonesimulator/Calendar.swiftmodule/Project/x86_64-apple-ios-simulator.swiftsourceinfo

Copy /Users/shoode/Library/Developer/Xcode/DerivedData/Calendar-cqibnsfjrbookzgvdwgphwtskobs/Build/Products/Debug-iphonesimulator/Calendar.swiftmodule/x86_64-apple-ios-simulator.abi.json /Users/shoode/Library/Developer/Xcode/DerivedData/Calendar-cqibnsfjrbookzgvdwgphwtskobs/Build/Intermediates.noindex/Calendar.build/Debug-iphonesimulator/Calendar.build/Objects-normal/x86_64/Calendar.abi.json (in target 'Calendar' from project 'Calendar')
    cd /Users/shoode/projects/Calendar
    builtin-copy -exclude .DS_Store -exclude CVS -exclude .svn -exclude .git -exclude .hg -resolve-src-symlinks -rename /Users/shoode/Library/Developer/Xcode/DerivedData/Calendar-cqibnsfjrbookzgvdwgphwtskobs/Build/Intermediates.noindex/Calendar.build/Debug-iphonesimulator/Calendar.build/Objects-normal/x86_64/Calendar.abi.json /Users/shoode/Library/Developer/Xcode/DerivedData/Calendar-cqibnsfjrbookzgvdwgphwtskobs/Build/Products/Debug-iphonesimulator/Calendar.swiftmodule/x86_64-apple-ios-simulator.abi.json

SwiftDriverJobDiscovery normal x86_64 Compiling PresetsGrid.swift (in target 'Calendar' from project 'Calendar')

SwiftDriverJobDiscovery normal x86_64 Compiling SettingsSheet.swift, CalendarApp.swift, TimerView.swift, NotificationService.swift (in target 'Calendar' from project 'Calendar')

SwiftDriverJobDiscovery normal x86_64 Compiling CategoryCard.swift (in target 'Calendar' from project 'Calendar')

SwiftDriverJobDiscovery normal x86_64 Compiling AddTodoSheet.swift (in target 'Calendar' from project 'Calendar')

note: Disabling hardened runtime with ad-hoc codesigning. (in target 'Calendar' from project 'Calendar')
** BUILD FAILED **


The following build commands failed:
	SwiftCompile normal x86_64 Compiling\ EventViewModel.swift,\ Expense.swift,\ ExpensesView.swift /Users/shoode/projects/Calendar/Calendar/Core/ViewModels/EventViewModel.swift /Users/shoode/projects/Calendar/Calendar/Core/Models/Expense.swift /Users/shoode/projects/Calendar/Calendar/Features/Expenses/Views/ExpensesView.swift (in target 'Calendar' from project 'Calendar')
	SwiftCompile normal x86_64 /Users/shoode/projects/Calendar/Calendar/Features/Expenses/Views/ExpensesView.swift (in target 'Calendar' from project 'Calendar')
	Building project Calendar with scheme Debug
(3 failures)
